MPLINK 4.35, Linker
Linker Map File - Created Wed Aug 12 21:15:56 2020

                                 Section Info
                  Section       Type    Address   Location Size(Bytes)
                ---------  ---------  ---------  ---------  ---------
                   .org_0       code   0x000000    program   0x000000
                   .org_1       code   0x000000    program   0x000002
                   .org_2       code   0x000004    program   0x00016c



                              Program Memory Usage 
                               Start         End      
                           ---------   ---------      
                            0x000000    0x000000      
                            0x000004    0x0000b9      
            183 out of 8453 program addresses used, program memory utilization is 2%



                              Symbols - Sorted by Name
                     Name    Address   Location    Storage File                     
                ---------  ---------  ---------  --------- ---------                
                       BL   0x000071    program     static C:\Users\Ultimate\Desktop\embeded\project.asm
                 CASE_MAX   0x00008a    program     static C:\Users\Ultimate\Desktop\embeded\project.asm
                 CASE_MID   0x00005f    program     static C:\Users\Ultimate\Desktop\embeded\project.asm
                 CASE_MIN   0x000034    program     static C:\Users\Ultimate\Desktop\embeded\project.asm
                 CASE_OFF   0x000032    program     static C:\Users\Ultimate\Desktop\embeded\project.asm
                       CL   0x00009c    program     static C:\Users\Ultimate\Desktop\embeded\project.asm
                 COUNTER1   0x00003c    program     static C:\Users\Ultimate\Desktop\embeded\project.asm
                COUNTER1A   0x000042    program     static C:\Users\Ultimate\Desktop\embeded\project.asm
                COUNTER1B   0x000067    program     static C:\Users\Ultimate\Desktop\embeded\project.asm
                COUNTER1C   0x00006d    program     static C:\Users\Ultimate\Desktop\embeded\project.asm
                COUNTER1D   0x000092    program     static C:\Users\Ultimate\Desktop\embeded\project.asm
                COUNTER1E   0x000098    program     static C:\Users\Ultimate\Desktop\embeded\project.asm
                      ISR   0x0000b5    program     static C:\Users\Ultimate\Desktop\embeded\project.asm
                     LOOP   0x000014    program     static C:\Users\Ultimate\Desktop\embeded\project.asm
                    LOOP2   0x00001e    program     static C:\Users\Ultimate\Desktop\embeded\project.asm
                 LOOP_NOP   0x000055    program     static C:\Users\Ultimate\Desktop\embeded\project.asm
                LOOP_NOP1   0x000080    program     static C:\Users\Ultimate\Desktop\embeded\project.asm
                LOOP_NOP2   0x0000ab    program     static C:\Users\Ultimate\Desktop\embeded\project.asm
                       MA   0x000046    program     static C:\Users\Ultimate\Desktop\embeded\project.asm
                   RUTERN   0x000034    program     static C:\Users\Ultimate\Desktop\embeded\project.asm
                delay_max   0x00009e    program     static C:\Users\Ultimate\Desktop\embeded\project.asm
                delay_mid   0x000073    program     static C:\Users\Ultimate\Desktop\embeded\project.asm
                delay_min   0x000048    program     static C:\Users\Ultimate\Desktop\embeded\project.asm
                    start   0x000005    program     static C:\Users\Ultimate\Desktop\embeded\project.asm



                              Symbols - Sorted by Address
                     Name    Address   Location    Storage File                     
                ---------  ---------  ---------  --------- ---------                
                    start   0x000005    program     static C:\Users\Ultimate\Desktop\embeded\project.asm
                     LOOP   0x000014    program     static C:\Users\Ultimate\Desktop\embeded\project.asm
                    LOOP2   0x00001e    program     static C:\Users\Ultimate\Desktop\embeded\project.asm
                 CASE_OFF   0x000032    program     static C:\Users\Ultimate\Desktop\embeded\project.asm
                 CASE_MIN   0x000034    program     static C:\Users\Ultimate\Desktop\embeded\project.asm
                   RUTERN   0x000034    program     static C:\Users\Ultimate\Desktop\embeded\project.asm
                 COUNTER1   0x00003c    program     static C:\Users\Ultimate\Desktop\embeded\project.asm
                COUNTER1A   0x000042    program     static C:\Users\Ultimate\Desktop\embeded\project.asm
                       MA   0x000046    program     static C:\Users\Ultimate\Desktop\embeded\project.asm
                delay_min   0x000048    program     static C:\Users\Ultimate\Desktop\embeded\project.asm
                 LOOP_NOP   0x000055    program     static C:\Users\Ultimate\Desktop\embeded\project.asm
                 CASE_MID   0x00005f    program     static C:\Users\Ultimate\Desktop\embeded\project.asm
                COUNTER1B   0x000067    program     static C:\Users\Ultimate\Desktop\embeded\project.asm
                COUNTER1C   0x00006d    program     static C:\Users\Ultimate\Desktop\embeded\project.asm
                       BL   0x000071    program     static C:\Users\Ultimate\Desktop\embeded\project.asm
                delay_mid   0x000073    program     static C:\Users\Ultimate\Desktop\embeded\project.asm
                LOOP_NOP1   0x000080    program     static C:\Users\Ultimate\Desktop\embeded\project.asm
                 CASE_MAX   0x00008a    program     static C:\Users\Ultimate\Desktop\embeded\project.asm
                COUNTER1D   0x000092    program     static C:\Users\Ultimate\Desktop\embeded\project.asm
                COUNTER1E   0x000098    program     static C:\Users\Ultimate\Desktop\embeded\project.asm
                       CL   0x00009c    program     static C:\Users\Ultimate\Desktop\embeded\project.asm
                delay_max   0x00009e    program     static C:\Users\Ultimate\Desktop\embeded\project.asm
                LOOP_NOP2   0x0000ab    program     static C:\Users\Ultimate\Desktop\embeded\project.asm
                      ISR   0x0000b5    program     static C:\Users\Ultimate\Desktop\embeded\project.asm


